// Jest Snapshot v1, https://goo.gl/fbAQLP

exports[`matches snapshot 1`] = `
<DocumentFragment>
  <div>
    <nav
      class="p-3 navbar navbar-expand navbar-dark bg-dark"
    >
      <a
        class="navbar-brand"
        href="/"
      >
        <img
          alt=""
          class="d-inline-block align-top mr-2"
          height="30"
          src="/logo.png"
          width="40"
        />
         User Management
      </a>
    </nav>
    <div
      class="container-fluid"
    >
      <div
        class="row"
      >
        <div
          class="col-2"
          id="sidebar-wrapper"
        >
          <div
            class="col-md-12 d-none d-md-block bg-light sidebar nav"
          >
            <div
              class="container-fluid text-center d-flex flex-column align-items-center justify-content-center"
            >
              <img
                alt=""
                class="d-inline-block align-top"
                height="40"
                src="/user.svg"
                width="40"
              />
              <span
                class="my-3"
              >
                Welcome User!
              </span>
            </div>
            <div
              class="sidebar-sticky"
            />
            <div
              class="ml-3"
            >
              <div
                class="nav-item"
              >
                <a
                  class="nav-link active"
                  href="#"
                  role="button"
                >
                  Users
                </a>
              </div>
              <div
                class="nav-item"
              >
                <a
                  class="nav-link"
                  data-rb-event-key="link-1"
                  href="#"
                  role="button"
                >
                  Tools
                </a>
              </div>
              <div
                class="nav-item"
              >
                <a
                  class="nav-link"
                  data-rb-event-key="link-2"
                  href="#"
                  role="button"
                >
                  Settings
                </a>
              </div>
            </div>
          </div>
        </div>
        <div
          class="col-10"
          id="page-content-wrapper"
        >
          <div>
            <div>
              <div
                class="mt-4 d-flex justify-content-between"
              >
                <h2>
                  Users
                </h2>
                <button
                  class="btn btn-primary"
                  type="button"
                >
                  Add User
                </button>
              </div>
              <div>
                <input
                  class="form-control form-control-lg mt-3"
                  name="searchterm"
                  placeholder="Search User"
                  type="text"
                />
              </div>
              <div
                class="fade alert alert-info show"
                role="alert"
                style="margin-top: 20px;"
              >
                There are no users.
              </div>
            </div>
          </div>
        </div>
      </div>
    </div>
  </div>
</DocumentFragment>
`;
